============================= test session starts =============================
platform win32 -- Python 3.12.10, pytest-7.4.3, pluggy-1.6.0 -- C:\Users\GIGABYTE\AppData\Local\Programs\Python\Python312\python.exe
cachedir: .pytest_cache
hypothesis profile 'default'
rootdir: C:\Users\GIGABYTE\Desktop\Advanced Ai Project
plugins: anyio-4.12.0, hypothesis-6.147.0, libtmux-0.39.0, asyncio-0.21.1, cov-4.1.0
asyncio: mode=Mode.STRICT
collecting ... collected 0 items / 1 error

=================================== ERRORS ====================================
_______ ERROR collecting tests/test_metadata_extractor_comprehensive.py _______
ImportError while importing test module 'C:\Users\GIGABYTE\Desktop\Advanced Ai Project\tests\test_metadata_extractor_comprehensive.py'.
Hint: make sure your test modules/packages have valid Python names.
Traceback:
..\..\AppData\Local\Programs\Python\Python312\Lib\site-packages\_pytest\python.py:617: in _importtestmodule
    mod = import_path(self.path, mode=importmode, root=self.config.rootpath)
..\..\AppData\Local\Programs\Python\Python312\Lib\site-packages\_pytest\pathlib.py:567: in import_path
    importlib.import_module(module_name)
..\..\AppData\Local\Programs\Python\Python312\Lib\importlib\__init__.py:90: in import_module
    return _bootstrap._gcd_import(name[level:], package, level)
<frozen importlib._bootstrap>:1387: in _gcd_import
    ???
<frozen importlib._bootstrap>:1360: in _find_and_load
    ???
<frozen importlib._bootstrap>:1331: in _find_and_load_unlocked
    ???
<frozen importlib._bootstrap>:935: in _load_unlocked
    ???
..\..\AppData\Local\Programs\Python\Python312\Lib\site-packages\_pytest\assertion\rewrite.py:186: in exec_module
    exec(co, module.__dict__)
tests\test_metadata_extractor_comprehensive.py:16: in <module>
    from backend.extractors.metadata_extractor import MetadataExtractor
E   ModuleNotFoundError: No module named 'backend.extractors.metadata_extractor'
------------------------------- Captured stdout -------------------------------
Warning: Performance utilities not available
============================== warnings summary ===============================
..\..\AppData\Local\Programs\Python\Python312\Lib\site-packages\_pytest\config\__init__.py:1204
  C:\Users\GIGABYTE\AppData\Local\Programs\Python\Python312\Lib\site-packages\_pytest\config\__init__.py:1204: PytestAssertRewriteWarning: Module already imported so cannot be rewritten: anyio
    self._mark_plugins_for_rewrite(hook)

backend\extractors\models.py:60
  C:\Users\GIGABYTE\Desktop\Advanced Ai Project\backend\extractors\models.py:60: PydanticDeprecatedSince20: Support for class-based `config` is deprecated, use ConfigDict instead. Deprecated in Pydantic V2.0 to be removed in V3.0. See Pydantic V2 Migration Guide at https://errors.pydantic.dev/2.12/migration/
    class ContentFeatures(BaseModel):

-- Docs: https://docs.pytest.org/en/stable/how-to/capture-warnings.html
=========================== short test summary info ===========================
ERROR tests/test_metadata_extractor_comprehensive.py
!!!!!!!!!!!!!!!!!!! Interrupted: 1 error during collection !!!!!!!!!!!!!!!!!!!!
======================== 2 warnings, 1 error in 4.30s =========================
